2026-10-09T08:52:59.4299834Z Current runner version: '2.337.0'
2026-10-09T08:52:59.4334893Z ##[group]Runner Image Provisioner
2026-10-09T08:52:59.4336230Z Hosted Compute Agent
2026-10-09T08:52:59.4337184Z Version: 20261002.596
2026-10-09T08:52:59.4338298Z Commit: c3d12f3313a95f25162a1503be624f3b0617f8c0
2026-10-09T08:52:59.4339590Z Build Date: 2026-10-02T22:28:27Z
2026-10-09T08:52:59.4341082Z Worker ID: {a565b2ba-ad91-4718-94bf-930dfbddc03a}
2026-10-09T08:52:59.4342316Z Region: eastus
2026-10-09T08:52:59.4343268Z Cloud: Azure
2026-10-09T08:52:59.4344367Z ##[endgroup]
2026-10-09T08:52:59.4346995Z ##[group]Operating System
2026-10-09T08:52:59.4348092Z Ubuntu
2026-10-09T08:52:59.4348920Z 24.04.5
2026-10-09T08:52:59.4349856Z LTS
2026-10-09T08:52:59.4351023Z ##[endgroup]
2026-10-09T08:52:59.4351949Z ##[group]Runner Image
2026-10-09T08:52:59.4353025Z Image: ubuntu-24.04
2026-10-09T08:52:59.4353992Z Version: 20261004.327.1
2026-10-09T08:52:59.4356191Z Included Software: https://github.com/actions/runner-images/blob/ubuntu24/20261004.327/images/ubuntu/Ubuntu2404-Readme.md
2026-10-09T08:52:59.4358943Z Image Release: https://github.com/actions/runner-images/releases/tag/ubuntu24%2F20261004.327
2026-10-09T08:52:59.4360962Z ##[endgroup]
2026-10-09T08:52:59.4362906Z ##[group]GITHUB_TOKEN Permissions
2026-10-09T08:52:59.4365897Z Contents: read
2026-10-09T08:52:59.4367070Z Metadata: read
2026-10-09T08:52:59.4368095Z Packages: read
2026-10-09T08:52:59.4368968Z ##[endgroup]
2026-10-09T08:52:59.4372446Z Secret source: Actions
2026-10-09T08:52:59.4374191Z Cache mode: write
2026-10-09T08:52:59.4375425Z Prepare workflow directory
2026-10-09T08:52:59.4947852Z Prepare all required actions
2026-10-09T08:52:59.5021005Z Getting action download info
2026-10-09T08:52:59.6979496Z Download action repository 'actions/checkout@v7' (SHA:3d3c42e5aac5ba805825da76410c181273ba90b1)
2026-10-09T08:52:59.7927133Z Download action repository 'actions/setup-node@v7' (SHA:949feb2413d6458794dcd2491c4babbbce0c15c1)
2026-10-09T08:53:00.0820800Z Complete job name: spec
2026-10-09T08:53:00.1607569Z ##[group]Run actions/checkout@v7
2026-10-09T08:53:00.1608458Z with:
2026-10-09T08:53:00.1608888Z   fetch-depth: 0
2026-10-09T08:53:00.1609346Z   repository: craigm26/duramen
2026-10-09T08:53:00.1613457Z   token: ***
2026-10-09T08:53:00.1613910Z   ssh-strict: true
2026-10-09T08:53:00.1614350Z   ssh-user: git
2026-10-09T08:53:00.1614793Z   persist-credentials: true
2026-10-09T08:53:00.1615280Z   clean: true
2026-10-09T08:53:00.1615718Z   sparse-checkout-cone-mode: true
2026-10-09T08:53:00.1616229Z   fetch-tags: false
2026-10-09T08:53:00.1616671Z   show-progress: true
2026-10-09T08:53:00.1617122Z   lfs: false
2026-10-09T08:53:00.1617542Z   submodules: false
2026-10-09T08:53:00.1618081Z   set-safe-directory: true
2026-10-09T08:53:00.1618755Z   allow-unsafe-pr-checkout: false
2026-10-09T08:53:00.1619621Z env:
2026-10-09T08:53:00.1620323Z   RECORD: examples/heat-engine/heat.duramen
2026-10-09T08:53:00.1620963Z   IMPL: examples/heat-engine/regen/impl/t06-ts
2026-10-09T08:53:00.1621598Z   DURAMEN_REF: main
2026-10-09T08:53:00.1622051Z ##[endgroup]
2026-10-09T08:53:00.2649050Z Syncing repository: craigm26/duramen
2026-10-09T08:53:00.2651108Z ##[group]Getting Git version info
2026-10-09T08:53:00.2651856Z Working directory is '/home/runner/work/duramen/duramen'
2026-10-09T08:53:00.2652916Z [command]/usr/bin/git version
2026-10-09T08:53:00.2751824Z git version 2.55.0
2026-10-09T08:53:00.2773583Z ##[endgroup]
2026-10-09T08:53:00.2786002Z Temporarily overriding HOME='/home/runner/work/_temp/9a972a91-add8-41a2-9ca3-00175bda6ade' before making global git config changes
2026-10-09T08:53:00.2788404Z Adding repository directory to the temporary git global config as a safe directory
2026-10-09T08:53:00.2792793Z [command]/usr/bin/git config --global --add safe.directory /home/runner/work/duramen/duramen
2026-10-09T08:53:00.2843468Z Deleting the contents of '/home/runner/work/duramen/duramen'
2026-10-09T08:53:00.2847209Z ##[group]Determining repository object format
2026-10-09T08:53:00.2849153Z ##[endgroup]
2026-10-09T08:53:00.2851281Z ##[group]Initializing the repository
2026-10-09T08:53:00.2854925Z [command]/usr/bin/git init /home/runner/work/duramen/duramen
2026-10-09T08:53:00.2984243Z hint: Using 'master' as the name for the initial branch. This default branch name
2026-10-09T08:53:00.2985489Z hint: will change to "main" in Git 3.0. To configure the initial branch name
2026-10-09T08:53:00.2986969Z hint: to use in all of your new repositories, which will suppress this warning,
2026-10-09T08:53:00.2988404Z hint: call:
2026-10-09T08:53:00.2988892Z hint:
2026-10-09T08:53:00.2989500Z hint: 	git config --global init.defaultBranch <name>
2026-10-09T08:53:00.2990461Z hint:
2026-10-09T08:53:00.2991136Z hint: Names commonly chosen instead of 'master' are 'main', 'trunk' and
2026-10-09T08:53:00.2992216Z hint: 'development'. The just-created branch can be renamed via this command:
2026-10-09T08:53:00.2993674Z hint:
2026-10-09T08:53:00.2994164Z hint: 	git branch -m <name>
2026-10-09T08:53:00.2994651Z hint:
2026-10-09T08:53:00.2995334Z hint: Disable this message with "git config set advice.defaultBranchName false"
2026-10-09T08:53:00.2996361Z Initialized empty Git repository in /home/runner/work/duramen/duramen/.git/
2026-10-09T08:53:00.2998512Z [command]/usr/bin/git remote add origin https://github.com/craigm26/duramen
2026-10-09T08:53:00.3056366Z ##[endgroup]
2026-10-09T08:53:00.3057144Z ##[group]Disabling automatic garbage collection
2026-10-09T08:53:00.3060215Z [command]/usr/bin/git config --local gc.auto 0
2026-10-09T08:53:00.3091395Z ##[endgroup]
2026-10-09T08:53:00.3092749Z ##[group]Setting up auth
2026-10-09T08:53:00.3093411Z Removing SSH command configuration
2026-10-09T08:53:00.3098213Z [command]/usr/bin/git config --local --name-only --get-regexp core\.sshCommand
2026-10-09T08:53:00.3131027Z [command]/usr/bin/git submodule foreach --recursive sh -c "git config --local --name-only --get-regexp 'core\.sshCommand' && git config --local --unset-all 'core.sshCommand' || :"
2026-10-09T08:53:00.3497372Z Removing HTTP extra header
2026-10-09T08:53:00.3503746Z [command]/usr/bin/git config --local --name-only --get-regexp http\.https\:\/\/github\.com\/\.extraheader
2026-10-09T08:53:00.3534255Z [command]/usr/bin/git submodule foreach --recursive sh -c "git config --local --name-only --get-regexp 'http\.https\:\/\/github\.com\/\.extraheader' && git config --local --unset-all 'http.https://github.com/.extraheader' || :"
2026-10-09T08:53:00.3753231Z Removing includeIf entries pointing to credentials config files
2026-10-09T08:53:00.3758976Z [command]/usr/bin/git config --local --name-only --get-regexp ^includeIf\.gitdir:
2026-10-09T08:53:00.3789642Z [command]/usr/bin/git submodule foreach --recursive git config --local --show-origin --name-only --get-regexp remote.origin.url
2026-10-09T08:53:00.4016397Z [command]/usr/bin/git config --file /home/runner/work/_temp/git-credentials-b6931cc9-dbed-4fa2-ab70-e24446cea929.config http.https://github.com/.extraheader AUTHORIZATION: basic ***
2026-10-09T08:53:00.4051208Z [command]/usr/bin/git config --local includeIf.gitdir:/home/runner/work/duramen/duramen/.git.path /home/runner/work/_temp/git-credentials-b6931cc9-dbed-4fa2-ab70-e24446cea929.config
2026-10-09T08:53:00.4079972Z [command]/usr/bin/git config --local includeIf.gitdir:/home/runner/work/duramen/duramen/.git/worktrees/*.path /home/runner/work/_temp/git-credentials-b6931cc9-dbed-4fa2-ab70-e24446cea929.config
2026-10-09T08:53:00.4117809Z [command]/usr/bin/git config --local includeIf.gitdir:/github/workspace/.git.path /github/runner_temp/git-credentials-b6931cc9-dbed-4fa2-ab70-e24446cea929.config
2026-10-09T08:53:00.4153145Z [command]/usr/bin/git config --local includeIf.gitdir:/github/workspace/.git/worktrees/*.path /github/runner_temp/git-credentials-b6931cc9-dbed-4fa2-ab70-e24446cea929.config
2026-10-09T08:53:00.4185755Z ##[endgroup]
2026-10-09T08:53:00.4187479Z ##[group]Fetching the repository
2026-10-09T08:53:00.4193728Z [command]/usr/bin/git -c protocol.version=2 fetch --no-tags --prune --no-recurse-submodules origin +refs/heads/*:refs/remotes/origin/* +refs/tags/*:refs/tags/* +d3e5e4efecee91fbb6276fdb635f41319d6d52e4:refs/remotes/pull/2/merge
2026-10-09T08:53:00.8426236Z From https://github.com/craigm26/duramen
2026-10-09T08:53:00.8427903Z  * [new branch]      confidence                               -> origin/confidence
2026-10-09T08:53:00.8429194Z  * [new branch]      main                                     -> origin/main
2026-10-09T08:53:00.8430563Z  * [new branch]      v0.2                                     -> origin/v0.2
2026-10-09T08:53:00.8431833Z  * [new tag]         brief-t1                                 -> brief-t1
2026-10-09T08:53:00.8445568Z  * [new tag]         brief-t2                                 -> brief-t2
2026-10-09T08:53:00.8446565Z  * [new tag]         brief-t3                                 -> brief-t3
2026-10-09T08:53:00.8447735Z  * [new ref]         d3e5e4efecee91fbb6276fdb635f41319d6d52e4 -> pull/2/merge
2026-10-09T08:53:00.8450397Z ##[endgroup]
2026-10-09T08:53:00.8451820Z ##[group]Determining the checkout info
2026-10-09T08:53:00.8453045Z ##[endgroup]
2026-10-09T08:53:00.8455774Z [command]/usr/bin/git sparse-checkout disable
2026-10-09T08:53:00.8522204Z [command]/usr/bin/git config --local --unset-all extensions.worktreeConfig
2026-10-09T08:53:00.8557133Z ##[group]Checking out the ref
2026-10-09T08:53:00.8562859Z [command]/usr/bin/git checkout --progress --force refs/remotes/pull/2/merge
2026-10-09T08:53:00.8944926Z Note: switching to 'refs/remotes/pull/2/merge'.
2026-10-09T08:53:00.8947139Z 
2026-10-09T08:53:00.8948818Z You are in 'detached HEAD' state. You can look around, make experimental
2026-10-09T08:53:00.8951770Z changes and commit them, and you can discard any commits you make in this
2026-10-09T08:53:00.8953597Z state without impacting any branches by switching back to a branch.
2026-10-09T08:53:00.8954809Z 
2026-10-09T08:53:00.8955670Z If you want to create a new branch to retain commits you create, you may
2026-10-09T08:53:00.8957787Z do so (now or later) by using -c with the switch command. Example:
2026-10-09T08:53:00.8959087Z 
2026-10-09T08:53:00.8959833Z   git switch -c <new-branch-name>
2026-10-09T08:53:00.8961501Z 
2026-10-09T08:53:00.8962313Z Or undo this operation with:
2026-10-09T08:53:00.8963276Z 
2026-10-09T08:53:00.8963804Z   git switch -
2026-10-09T08:53:00.8964669Z 
2026-10-09T08:53:00.8965666Z Turn off this advice by setting config variable advice.detachedHead to false
2026-10-09T08:53:00.8966901Z 
2026-10-09T08:53:00.8968329Z HEAD is now at d3e5e4e Merge 6cadc68800595622787b179b20a3198fac9ec06a into 1d48d22216e86b243d6887a4312ee49cd96feb12
2026-10-09T08:53:00.9007094Z ##[endgroup]
2026-10-09T08:53:00.9010777Z [command]/usr/bin/git log -1 --format=%H
2026-10-09T08:53:00.9037157Z d3e5e4efecee91fbb6276fdb635f41319d6d52e4
2026-10-09T08:53:00.9558027Z ##[group]Run actions/setup-node@v7
2026-10-09T08:53:00.9559243Z with:
2026-10-09T08:53:00.9560389Z   node-version: 22
2026-10-09T08:53:00.9561370Z   check-latest: false
2026-10-09T08:53:00.9569877Z   token: ***
2026-10-09T08:53:00.9571115Z   package-manager-cache: true
2026-10-09T08:53:00.9572222Z env:
2026-10-09T08:53:00.9573166Z   RECORD: examples/heat-engine/heat.duramen
2026-10-09T08:53:00.9574504Z   IMPL: examples/heat-engine/regen/impl/t06-ts
2026-10-09T08:53:00.9575755Z   DURAMEN_REF: main
2026-10-09T08:53:00.9576692Z ##[endgroup]
2026-10-09T08:53:01.0899135Z Found in cache @ /opt/hostedtoolcache/node/22.23.3/x64
2026-10-09T08:53:01.1931679Z ##[group]Environment details
2026-10-09T08:53:01.5322087Z node: v22.23.3
2026-10-09T08:53:01.5322741Z npm: 10.9.9
2026-10-09T08:53:01.5323024Z yarn: 1.22.22
2026-10-09T08:53:01.5324061Z ##[endgroup]
2026-10-09T08:53:01.5460894Z ##[group]Run git clone --depth 1 --branch "$DURAMEN_REF" https://github.com/craigm26/duramen.git "$RUNNER_TEMP/duramen"
2026-10-09T08:53:01.5461848Z git clone --depth 1 --branch "$DURAMEN_REF" https://github.com/craigm26/duramen.git "$RUNNER_TEMP/duramen"
2026-10-09T08:53:01.5750530Z shell: /usr/bin/bash -e {0}
2026-10-09T08:53:01.5751034Z env:
2026-10-09T08:53:01.5751551Z   RECORD: examples/heat-engine/heat.duramen
2026-10-09T08:53:01.5752678Z   IMPL: examples/heat-engine/regen/impl/t06-ts
2026-10-09T08:53:01.5753386Z   DURAMEN_REF: main
2026-10-09T08:53:01.5753891Z ##[endgroup]
2026-10-09T08:53:01.5887549Z Cloning into '/home/runner/work/_temp/duramen'...
2026-10-09T08:53:01.8294808Z ##[group]Run node "$RUNNER_TEMP/duramen/bin/duramen.mjs" check "$RECORD"
2026-10-09T08:53:01.8295396Z node "$RUNNER_TEMP/duramen/bin/duramen.mjs" check "$RECORD"
2026-10-09T08:53:01.8359084Z shell: /usr/bin/bash -e {0}
2026-10-09T08:53:01.8359371Z env:
2026-10-09T08:53:01.8359614Z   RECORD: examples/heat-engine/heat.duramen
2026-10-09T08:53:01.8359975Z   IMPL: examples/heat-engine/regen/impl/t06-ts
2026-10-09T08:53:01.8360583Z   DURAMEN_REF: main
2026-10-09T08:53:01.8360814Z ##[endgroup]
2026-10-09T08:53:02.3733014Z examples/heat-engine/heat.duramen:145:1: info T018: edge fixed-text/ecmascript is not bound to an op: its definition is in the brief, but no pack cases reach the suite
2026-10-09T08:53:02.3734826Z ok: 22 requirements, 65 examples, 12 decisions, 8 open, 3 edges, 3 evidence (80 rows), 14 properties, 5 static checks; 0 errors, 0 warnings
2026-10-09T08:53:02.3861604Z ##[group]Run node "$RUNNER_TEMP/duramen/bin/duramen.mjs" run "$RECORD" --impl "$IMPL"
2026-10-09T08:53:02.3862245Z node "$RUNNER_TEMP/duramen/bin/duramen.mjs" run "$RECORD" --impl "$IMPL"
2026-10-09T08:53:02.3927900Z shell: /usr/bin/bash -e {0}
2026-10-09T08:53:02.3928171Z env:
2026-10-09T08:53:02.3928409Z   RECORD: examples/heat-engine/heat.duramen
2026-10-09T08:53:02.3928778Z   IMPL: examples/heat-engine/regen/impl/t06-ts
2026-10-09T08:53:02.3929098Z   DURAMEN_REF: main
2026-10-09T08:53:02.3929315Z ##[endgroup]
2026-10-09T08:53:02.9036348Z examples/heat-engine/heat.duramen:145:1: info T018: edge fixed-text/ecmascript is not bound to an op: its definition is in the brief, but no pack cases reach the suite
2026-10-09T08:53:02.9038967Z ok: 22 requirements, 65 examples, 12 decisions, 8 open, 3 edges, 3 evidence (80 rows), 14 properties, 5 static checks; 0 errors, 0 warnings
2026-10-09T08:53:03.9561687Z passed 209/209 (example 65/65, evidence 80/80, edge 42/42, property 14/14, static 5/5, protocol 3/3)
2026-10-09T08:53:03.9691792Z ##[group]Run base="$RUNNER_TEMP/base"
2026-10-09T08:53:03.9692157Z base="$RUNNER_TEMP/base"
2026-10-09T08:53:03.9692456Z git worktree add "$base" "origin/main"
2026-10-09T08:53:03.9692785Z if [ -e "$base/$RECORD" ]; then
2026-10-09T08:53:03.9693196Z   node "$RUNNER_TEMP/duramen/bin/duramen.mjs" diff "$base/$RECORD" "$RECORD"
2026-10-09T08:53:03.9693596Z else
2026-10-09T08:53:03.9693827Z   echo "no record on the base branch yet"
2026-10-09T08:53:03.9694105Z fi
2026-10-09T08:53:03.9755779Z shell: /usr/bin/bash -e {0}
2026-10-09T08:53:03.9756039Z env:
2026-10-09T08:53:03.9756267Z   RECORD: examples/heat-engine/heat.duramen
2026-10-09T08:53:03.9756615Z   IMPL: examples/heat-engine/regen/impl/t06-ts
2026-10-09T08:53:03.9756934Z   DURAMEN_REF: main
2026-10-09T08:53:03.9757147Z ##[endgroup]
2026-10-09T08:53:03.9858494Z Preparing worktree (detached HEAD 1d48d22)
2026-10-09T08:53:04.0098677Z HEAD is now at 1d48d22 Merge pull request #1 from craigm26/v0.2
2026-10-09T08:53:04.0917743Z behavior: 0 old examples the new record no longer has, run through the new oracle
2026-10-09T08:53:04.0918816Z version 1.2.0-slice -> 1.2.0-slice: ok (none)
2026-10-09T08:53:04.1073986Z Post job cleanup.
2026-10-09T08:53:04.2413013Z Post job cleanup.
2026-10-09T08:53:04.3234864Z [command]/usr/bin/git version
2026-10-09T08:53:04.3273022Z git version 2.55.0
2026-10-09T08:53:04.3311337Z Temporarily overriding HOME='/home/runner/work/_temp/8e05eeb8-3d4a-4f23-973d-53f0b5dd4cd1' before making global git config changes
2026-10-09T08:53:04.3312989Z Adding repository directory to the temporary git global config as a safe directory
2026-10-09T08:53:04.3317248Z [command]/usr/bin/git config --global --add safe.directory /home/runner/work/duramen/duramen
2026-10-09T08:53:04.3347660Z Removing SSH command configuration
2026-10-09T08:53:04.3353765Z [command]/usr/bin/git config --local --name-only --get-regexp core\.sshCommand
2026-10-09T08:53:04.3388364Z [command]/usr/bin/git submodule foreach --recursive sh -c "git config --local --name-only --get-regexp 'core\.sshCommand' && git config --local --unset-all 'core.sshCommand' || :"
2026-10-09T08:53:04.3611885Z Removing HTTP extra header
2026-10-09T08:53:04.3616914Z [command]/usr/bin/git config --local --name-only --get-regexp http\.https\:\/\/github\.com\/\.extraheader
2026-10-09T08:53:04.3649899Z [command]/usr/bin/git submodule foreach --recursive sh -c "git config --local --name-only --get-regexp 'http\.https\:\/\/github\.com\/\.extraheader' && git config --local --unset-all 'http.https://github.com/.extraheader' || :"
2026-10-09T08:53:04.3867209Z Removing includeIf entries pointing to credentials config files
2026-10-09T08:53:04.3874387Z [command]/usr/bin/git config --local --name-only --get-regexp ^includeIf\.gitdir:
2026-10-09T08:53:04.3901383Z includeif.gitdir:/home/runner/work/duramen/duramen/.git.path
2026-10-09T08:53:04.3902184Z includeif.gitdir:/home/runner/work/duramen/duramen/.git/worktrees/*.path
2026-10-09T08:53:04.3902705Z includeif.gitdir:/github/workspace/.git.path
2026-10-09T08:53:04.3903158Z includeif.gitdir:/github/workspace/.git/worktrees/*.path
2026-10-09T08:53:04.3912012Z [command]/usr/bin/git config --local --get-all includeif.gitdir:/home/runner/work/duramen/duramen/.git.path
2026-10-09T08:53:04.3935117Z /home/runner/work/_temp/git-credentials-b6931cc9-dbed-4fa2-ab70-e24446cea929.config
2026-10-09T08:53:04.3944592Z [command]/usr/bin/git config --local --unset includeif.gitdir:/home/runner/work/duramen/duramen/.git.path \/home\/runner\/work\/_temp\/git\-credentials\-b6931cc9\-dbed\-4fa2\-ab70\-e24446cea929\.config
2026-10-09T08:53:04.3979455Z [command]/usr/bin/git config --local --get-all includeif.gitdir:/home/runner/work/duramen/duramen/.git/worktrees/*.path
2026-10-09T08:53:04.4003206Z /home/runner/work/_temp/git-credentials-b6931cc9-dbed-4fa2-ab70-e24446cea929.config
2026-10-09T08:53:04.4012532Z [command]/usr/bin/git config --local --unset includeif.gitdir:/home/runner/work/duramen/duramen/.git/worktrees/*.path \/home\/runner\/work\/_temp\/git\-credentials\-b6931cc9\-dbed\-4fa2\-ab70\-e24446cea929\.config
2026-10-09T08:53:04.4044836Z [command]/usr/bin/git config --local --get-all includeif.gitdir:/github/workspace/.git.path
2026-10-09T08:53:04.4065557Z /github/runner_temp/git-credentials-b6931cc9-dbed-4fa2-ab70-e24446cea929.config
2026-10-09T08:53:04.4073718Z [command]/usr/bin/git config --local --unset includeif.gitdir:/github/workspace/.git.path \/github\/runner_temp\/git\-credentials\-b6931cc9\-dbed\-4fa2\-ab70\-e24446cea929\.config
2026-10-09T08:53:04.4105355Z [command]/usr/bin/git config --local --get-all includeif.gitdir:/github/workspace/.git/worktrees/*.path
2026-10-09T08:53:04.4127946Z /github/runner_temp/git-credentials-b6931cc9-dbed-4fa2-ab70-e24446cea929.config
2026-10-09T08:53:04.4136424Z [command]/usr/bin/git config --local --unset includeif.gitdir:/github/workspace/.git/worktrees/*.path \/github\/runner_temp\/git\-credentials\-b6931cc9\-dbed\-4fa2\-ab70\-e24446cea929\.config
2026-10-09T08:53:04.4170841Z [command]/usr/bin/git submodule foreach --recursive git config --local --show-origin --name-only --get-regexp remote.origin.url
2026-10-09T08:53:04.4394210Z Removing credentials config '/home/runner/work/_temp/git-credentials-b6931cc9-dbed-4fa2-ab70-e24446cea929.config'
2026-10-09T08:53:04.4539846Z Cleaning up orphan processes
