2026-10-09T08:10:06.8914590Z Current runner version: '2.337.0'
2026-10-09T08:10:06.8948873Z ##[group]Runner Image Provisioner
2026-10-09T08:10:06.8950151Z Hosted Compute Agent
2026-10-09T08:10:06.8951037Z Version: 20261002.596
2026-10-09T08:10:06.8952112Z Commit: c3d12f3313a95f25162a1503be624f3b0617f8c0
2026-10-09T08:10:06.8953214Z Build Date: 2026-10-02T22:28:27Z
2026-10-09T08:10:06.8954556Z Worker ID: {dbff1643-7e62-4bc2-ab43-77c815d535af}
2026-10-09T08:10:06.8955800Z Region: northcentralus
2026-10-09T08:10:06.8956711Z Cloud: Azure
2026-10-09T08:10:06.8957628Z ##[endgroup]
2026-10-09T08:10:06.8959744Z ##[group]Operating System
2026-10-09T08:10:06.8960721Z Ubuntu
2026-10-09T08:10:06.8961704Z 24.04.5
2026-10-09T08:10:06.8962533Z LTS
2026-10-09T08:10:06.8963495Z ##[endgroup]
2026-10-09T08:10:06.8964642Z ##[group]Runner Image
2026-10-09T08:10:06.8965621Z Image: ubuntu-24.04
2026-10-09T08:10:06.8966530Z Version: 20261004.327.1
2026-10-09T08:10:06.8968491Z Included Software: https://github.com/actions/runner-images/blob/ubuntu24/20261004.327/images/ubuntu/Ubuntu2404-Readme.md
2026-10-09T08:10:06.8970915Z Image Release: https://github.com/actions/runner-images/releases/tag/ubuntu24%2F20261004.327
2026-10-09T08:10:06.8972463Z ##[endgroup]
2026-10-09T08:10:06.8974584Z ##[group]GITHUB_TOKEN Permissions
2026-10-09T08:10:06.8977985Z Contents: read
2026-10-09T08:10:06.8978912Z Metadata: read
2026-10-09T08:10:06.8979754Z Packages: read
2026-10-09T08:10:06.8980781Z ##[endgroup]
2026-10-09T08:10:06.8983491Z Secret source: Actions
2026-10-09T08:10:06.8985255Z Cache mode: write
2026-10-09T08:10:06.8986364Z Prepare workflow directory
2026-10-09T08:10:06.9451421Z Prepare all required actions
2026-10-09T08:10:06.9517259Z Getting action download info
2026-10-09T08:10:07.1810655Z Download action repository 'actions/checkout@v4' (SHA:11d5960a326750d5838078e36cf38b85af677262)
2026-10-09T08:10:07.2896031Z Download action repository 'actions/setup-node@v4' (SHA:49933ea5288caeca8642d1e84afbd3f7d6820020)
2026-10-09T08:10:07.4740359Z Complete job name: spec
2026-10-09T08:10:07.5484074Z ##[group]Run actions/checkout@v4
2026-10-09T08:10:07.5485180Z with:
2026-10-09T08:10:07.5485615Z   fetch-depth: 0
2026-10-09T08:10:07.5486078Z   repository: craigm26/duramen
2026-10-09T08:10:07.5489801Z   token: ***
2026-10-09T08:10:07.5490239Z   ssh-strict: true
2026-10-09T08:10:07.5490686Z   ssh-user: git
2026-10-09T08:10:07.5491130Z   persist-credentials: true
2026-10-09T08:10:07.5491612Z   clean: true
2026-10-09T08:10:07.5492083Z   sparse-checkout-cone-mode: true
2026-10-09T08:10:07.5492609Z   fetch-tags: false
2026-10-09T08:10:07.5493056Z   show-progress: true
2026-10-09T08:10:07.5493499Z   lfs: false
2026-10-09T08:10:07.5493909Z   submodules: false
2026-10-09T08:10:07.5494474Z   set-safe-directory: true
2026-10-09T08:10:07.5494982Z   allow-unsafe-pr-checkout: false
2026-10-09T08:10:07.5495698Z env:
2026-10-09T08:10:07.5496148Z   RECORD: examples/heat-engine/heat.duramen
2026-10-09T08:10:07.5496772Z   IMPL: examples/heat-engine/regen/impl/t06-ts
2026-10-09T08:10:07.5497391Z   DURAMEN_REF: main
2026-10-09T08:10:07.5497853Z ##[endgroup]
2026-10-09T08:10:07.6461748Z Syncing repository: craigm26/duramen
2026-10-09T08:10:07.6463543Z ##[group]Getting Git version info
2026-10-09T08:10:07.6464602Z Working directory is '/home/runner/work/duramen/duramen'
2026-10-09T08:10:07.6465601Z [command]/usr/bin/git version
2026-10-09T08:10:07.6532285Z git version 2.55.0
2026-10-09T08:10:07.6550500Z ##[endgroup]
2026-10-09T08:10:07.6563437Z Temporarily overriding HOME='/home/runner/work/_temp/ab324622-bd2f-40a7-a158-4f6795e2c5ed' before making global git config changes
2026-10-09T08:10:07.6565456Z Adding repository directory to the temporary git global config as a safe directory
2026-10-09T08:10:07.6568449Z [command]/usr/bin/git config --global --add safe.directory /home/runner/work/duramen/duramen
2026-10-09T08:10:07.6612118Z Deleting the contents of '/home/runner/work/duramen/duramen'
2026-10-09T08:10:07.6616144Z ##[group]Initializing the repository
2026-10-09T08:10:07.6620080Z [command]/usr/bin/git init /home/runner/work/duramen/duramen
2026-10-09T08:10:07.6698660Z hint: Using 'master' as the name for the initial branch. This default branch name
2026-10-09T08:10:07.6700229Z hint: will change to "main" in Git 3.0. To configure the initial branch name
2026-10-09T08:10:07.6701697Z hint: to use in all of your new repositories, which will suppress this warning,
2026-10-09T08:10:07.6702797Z hint: call:
2026-10-09T08:10:07.6703209Z hint:
2026-10-09T08:10:07.6703711Z hint: 	git config --global init.defaultBranch <name>
2026-10-09T08:10:07.6704539Z hint:
2026-10-09T08:10:07.6705138Z hint: Names commonly chosen instead of 'master' are 'main', 'trunk' and
2026-10-09T08:10:07.6706065Z hint: 'development'. The just-created branch can be renamed via this command:
2026-10-09T08:10:07.6706794Z hint:
2026-10-09T08:10:07.6707451Z hint: 	git branch -m <name>
2026-10-09T08:10:07.6708143Z hint:
2026-10-09T08:10:07.6708774Z hint: Disable this message with "git config set advice.defaultBranchName false"
2026-10-09T08:10:07.6709763Z Initialized empty Git repository in /home/runner/work/duramen/duramen/.git/
2026-10-09T08:10:07.6711927Z [command]/usr/bin/git remote add origin https://github.com/craigm26/duramen
2026-10-09T08:10:07.6756225Z ##[endgroup]
2026-10-09T08:10:07.6757020Z ##[group]Disabling automatic garbage collection
2026-10-09T08:10:07.6760367Z [command]/usr/bin/git config --local gc.auto 0
2026-10-09T08:10:07.6791378Z ##[endgroup]
2026-10-09T08:10:07.6792524Z ##[group]Setting up auth
2026-10-09T08:10:07.6797971Z [command]/usr/bin/git config --local --name-only --get-regexp core\.sshCommand
2026-10-09T08:10:07.6829813Z [command]/usr/bin/git submodule foreach --recursive sh -c "git config --local --name-only --get-regexp 'core\.sshCommand' && git config --local --unset-all 'core.sshCommand' || :"
2026-10-09T08:10:07.7136267Z [command]/usr/bin/git config --local --name-only --get-regexp http\.https\:\/\/github\.com\/\.extraheader
2026-10-09T08:10:07.7169255Z [command]/usr/bin/git submodule foreach --recursive sh -c "git config --local --name-only --get-regexp 'http\.https\:\/\/github\.com\/\.extraheader' && git config --local --unset-all 'http.https://github.com/.extraheader' || :"
2026-10-09T08:10:07.7397508Z [command]/usr/bin/git config --local --name-only --get-regexp ^includeIf\.gitdir:
2026-10-09T08:10:07.7428548Z [command]/usr/bin/git submodule foreach --recursive git config --local --show-origin --name-only --get-regexp remote.origin.url
2026-10-09T08:10:07.7657253Z [command]/usr/bin/git config --local http.https://github.com/.extraheader AUTHORIZATION: basic ***
2026-10-09T08:10:07.7692951Z ##[endgroup]
2026-10-09T08:10:07.7693735Z ##[group]Fetching the repository
2026-10-09T08:10:07.7702232Z [command]/usr/bin/git -c protocol.version=2 fetch --prune --no-recurse-submodules origin +refs/heads/*:refs/remotes/origin/* +refs/tags/*:refs/tags/*
2026-10-09T08:10:08.4323079Z From https://github.com/craigm26/duramen
2026-10-09T08:10:08.4325643Z  * [new branch]      confidence -> origin/confidence
2026-10-09T08:10:08.4327654Z  * [new branch]      main       -> origin/main
2026-10-09T08:10:08.4329573Z  * [new branch]      v0.2       -> origin/v0.2
2026-10-09T08:10:08.4331237Z  * [new tag]         brief-t1   -> brief-t1
2026-10-09T08:10:08.4332838Z  * [new tag]         brief-t2   -> brief-t2
2026-10-09T08:10:08.4334852Z  * [new tag]         brief-t3   -> brief-t3
2026-10-09T08:10:08.4339577Z [command]/usr/bin/git branch --list --remote origin/confidence
2026-10-09T08:10:08.4362579Z   origin/confidence
2026-10-09T08:10:08.4370954Z [command]/usr/bin/git rev-parse refs/remotes/origin/confidence
2026-10-09T08:10:08.4397245Z a668e0295e3f4a2a33fdfa54a91d146dd82a6a27
2026-10-09T08:10:08.4402036Z ##[endgroup]
2026-10-09T08:10:08.4403556Z ##[group]Determining the checkout info
2026-10-09T08:10:08.4405365Z ##[endgroup]
2026-10-09T08:10:08.4406724Z [command]/usr/bin/git sparse-checkout disable
2026-10-09T08:10:08.4452732Z [command]/usr/bin/git config --local --unset-all extensions.worktreeConfig
2026-10-09T08:10:08.4483201Z ##[group]Checking out the ref
2026-10-09T08:10:08.4486300Z [command]/usr/bin/git checkout --progress --force -B confidence refs/remotes/origin/confidence
2026-10-09T08:10:08.4847187Z Switched to a new branch 'confidence'
2026-10-09T08:10:08.4851671Z branch 'confidence' set up to track 'origin/confidence'.
2026-10-09T08:10:08.4860699Z ##[endgroup]
2026-10-09T08:10:08.4899143Z [command]/usr/bin/git log -1 --format=%H
2026-10-09T08:10:08.4923880Z a668e0295e3f4a2a33fdfa54a91d146dd82a6a27
2026-10-09T08:10:08.5300515Z ##[group]Run actions/setup-node@v4
2026-10-09T08:10:08.5301715Z with:
2026-10-09T08:10:08.5302601Z   node-version: 22
2026-10-09T08:10:08.5303570Z   always-auth: false
2026-10-09T08:10:08.5304904Z   check-latest: false
2026-10-09T08:10:08.5313940Z   token: ***
2026-10-09T08:10:08.5315110Z env:
2026-10-09T08:10:08.5316111Z   RECORD: examples/heat-engine/heat.duramen
2026-10-09T08:10:08.5317527Z   IMPL: examples/heat-engine/regen/impl/t06-ts
2026-10-09T08:10:08.5318868Z   DURAMEN_REF: main
2026-10-09T08:10:08.5319819Z ##[endgroup]
2026-10-09T08:10:08.6738574Z Found in cache @ /opt/hostedtoolcache/node/22.23.3/x64
2026-10-09T08:10:08.6743393Z (node:2416) [DEP0040] DeprecationWarning: The `punycode` module is deprecated. Please use a userland alternative instead.
2026-10-09T08:10:08.6747508Z (Use `node --trace-deprecation ...` to show where the warning was created)
2026-10-09T08:10:08.6749987Z ##[group]Environment details
2026-10-09T08:10:08.9988921Z node: v22.23.3
2026-10-09T08:10:08.9990407Z npm: 10.9.9
2026-10-09T08:10:08.9991584Z yarn: 1.22.22
2026-10-09T08:10:08.9994115Z ##[endgroup]
2026-10-09T08:10:09.0188550Z ##[group]Run git clone --depth 1 --branch "$DURAMEN_REF" https://github.com/craigm26/duramen.git "$RUNNER_TEMP/duramen"
2026-10-09T08:10:09.0191765Z git clone --depth 1 --branch "$DURAMEN_REF" https://github.com/craigm26/duramen.git "$RUNNER_TEMP/duramen"
2026-10-09T08:10:09.0421072Z shell: /usr/bin/bash -e {0}
2026-10-09T08:10:09.0422153Z env:
2026-10-09T08:10:09.0423086Z   RECORD: examples/heat-engine/heat.duramen
2026-10-09T08:10:09.0424637Z   IMPL: examples/heat-engine/regen/impl/t06-ts
2026-10-09T08:10:09.0425898Z   DURAMEN_REF: main
2026-10-09T08:10:09.0426813Z ##[endgroup]
2026-10-09T08:10:09.0573856Z Cloning into '/home/runner/work/_temp/duramen'...
2026-10-09T08:10:09.5384086Z ##[group]Run node "$RUNNER_TEMP/duramen/bin/duramen.mjs" check "$RECORD"
2026-10-09T08:10:09.5386161Z node "$RUNNER_TEMP/duramen/bin/duramen.mjs" check "$RECORD"
2026-10-09T08:10:09.5457319Z shell: /usr/bin/bash -e {0}
2026-10-09T08:10:09.5458340Z env:
2026-10-09T08:10:09.5459243Z   RECORD: examples/heat-engine/heat.duramen
2026-10-09T08:10:09.5460539Z   IMPL: examples/heat-engine/regen/impl/t06-ts
2026-10-09T08:10:09.5461775Z   DURAMEN_REF: main
2026-10-09T08:10:09.5462668Z ##[endgroup]
2026-10-09T08:10:10.0617604Z examples/heat-engine/heat.duramen:145:1: info T018: edge fixed-text/ecmascript is not bound to an op: its definition is in the brief, but no pack cases reach the suite
2026-10-09T08:10:10.0619112Z ok: 22 requirements, 65 examples, 12 decisions, 8 open, 3 edges, 3 evidence (80 rows), 14 properties, 5 static checks; 0 errors, 0 warnings
2026-10-09T08:10:10.0784689Z ##[group]Run node "$RUNNER_TEMP/duramen/bin/duramen.mjs" run "$RECORD" --impl "$IMPL"
2026-10-09T08:10:10.0785367Z node "$RUNNER_TEMP/duramen/bin/duramen.mjs" run "$RECORD" --impl "$IMPL"
2026-10-09T08:10:10.0853712Z shell: /usr/bin/bash -e {0}
2026-10-09T08:10:10.0854034Z env:
2026-10-09T08:10:10.0854430Z   RECORD: examples/heat-engine/heat.duramen
2026-10-09T08:10:10.0854825Z   IMPL: examples/heat-engine/regen/impl/t06-ts
2026-10-09T08:10:10.0855168Z   DURAMEN_REF: main
2026-10-09T08:10:10.0855438Z ##[endgroup]
2026-10-09T08:10:10.6079542Z examples/heat-engine/heat.duramen:145:1: info T018: edge fixed-text/ecmascript is not bound to an op: its definition is in the brief, but no pack cases reach the suite
2026-10-09T08:10:10.6082022Z ok: 22 requirements, 65 examples, 12 decisions, 8 open, 3 edges, 3 evidence (80 rows), 14 properties, 5 static checks; 0 errors, 0 warnings
2026-10-09T08:10:11.6305724Z passed 209/209 (example 65/65, evidence 80/80, edge 42/42, property 14/14, static 5/5, protocol 3/3)
2026-10-09T08:10:11.6501468Z Post job cleanup.
2026-10-09T08:10:11.7712333Z (node:2685) [DEP0040] DeprecationWarning: The `punycode` module is deprecated. Please use a userland alternative instead.
2026-10-09T08:10:11.7713206Z (Use `node --trace-deprecation ...` to show where the warning was created)
2026-10-09T08:10:11.7880876Z Post job cleanup.
2026-10-09T08:10:11.8705749Z [command]/usr/bin/git version
2026-10-09T08:10:11.8743413Z git version 2.55.0
2026-10-09T08:10:11.8781241Z Temporarily overriding HOME='/home/runner/work/_temp/1c35f73b-d6ed-429a-9a3e-f263d416069a' before making global git config changes
2026-10-09T08:10:11.8782149Z Adding repository directory to the temporary git global config as a safe directory
2026-10-09T08:10:11.8786207Z [command]/usr/bin/git config --global --add safe.directory /home/runner/work/duramen/duramen
2026-10-09T08:10:11.8824296Z [command]/usr/bin/git config --local --name-only --get-regexp core\.sshCommand
2026-10-09T08:10:11.8859825Z [command]/usr/bin/git submodule foreach --recursive sh -c "git config --local --name-only --get-regexp 'core\.sshCommand' && git config --local --unset-all 'core.sshCommand' || :"
2026-10-09T08:10:11.9098641Z [command]/usr/bin/git config --local --name-only --get-regexp http\.https\:\/\/github\.com\/\.extraheader
2026-10-09T08:10:11.9125387Z http.https://github.com/.extraheader
2026-10-09T08:10:11.9135656Z [command]/usr/bin/git config --local --unset-all http.https://github.com/.extraheader
2026-10-09T08:10:11.9169168Z [command]/usr/bin/git submodule foreach --recursive sh -c "git config --local --name-only --get-regexp 'http\.https\:\/\/github\.com\/\.extraheader' && git config --local --unset-all 'http.https://github.com/.extraheader' || :"
2026-10-09T08:10:11.9418565Z [command]/usr/bin/git config --local --name-only --get-regexp ^includeIf\.gitdir:
2026-10-09T08:10:11.9435607Z [command]/usr/bin/git submodule foreach --recursive git config --local --show-origin --name-only --get-regexp remote.origin.url
2026-10-09T08:10:11.9874644Z Cleaning up orphan processes
2026-10-09T08:10:12.0178056Z ##[warning]Node.js 20 is deprecated. The following actions target Node.js 20 but are being forced to run on Node.js 24: actions/checkout@v4, actions/setup-node@v4. For more information see: https://github.blog/changelog/2025-09-19-deprecation-of-node-20-on-github-actions-runners/
